npm warn Unknown project config "public-hoist-pattern". This will stop working in the next major version of npm.

[1m[46m RUN [49m[22m [36mv4.0.18 [39m[90m/app[39m

 [32m✓[39m pages/content/src/services/memory/adapters/AnythingLLMAdapter.test.ts [2m([22m[2m3 tests[22m[2m)[22m[32m 11[2mms[22m[39m
 [32m✓[39m pages/content/src/services/memory/adapters/VectorAdapter.test.ts [2m([22m[2m4 tests[22m[2m)[22m[32m 13[2mms[22m[39m

[2m Test Files [22m [1m[32m2 passed[39m[22m[90m (2)[39m
[2m      Tests [22m [1m[32m7 passed[39m[22m[90m (7)[39m
[2m   Start at [22m 06:49:24
[2m   Duration [22m 707ms[2m (transform 513ms, setup 0ms, import 566ms, tests 24ms, environment 0ms)[22m
